// Jest Snapshot v1, https://goo.gl/fbAQLP

exports[`renders the Home component correctly 1`] = `
<div>
  <main
    class="homeMain"
  >
    <div
      class="highlyRatedPlacesSection"
    >
      <div
        class="title"
      >
        <h3>
          Highly Rated Places
        </h3>
      </div>
      <div
        class="container"
      >
        <a
          class="containerItem"
          href="/place/kids/001-orlandoWaltDisneyWorld"
        >
          <img
            alt="Disneyland"
            class="image"
            src="Disneyland.jpg"
          />
          <p
            class="placeName"
          >
            Disneyland
          </p>
        </a>
        <a
          class="containerItem"
          href="/place/summer/001-yellowstone"
        >
          <img
            alt="Yellowstone"
            class="image"
            src="Yellowstone.jpg"
          />
          <p
            class="placeName"
          >
            Yellowstone
          </p>
        </a>
        <a
          class="containerItem"
          href="/place/winter/003-newYork"
        >
          <img
            alt="New York"
            class="image"
            src="NewYork.jpg"
          />
          <p
            class="placeName"
          >
            New York
          </p>
        </a>
      </div>
    </div>
    <div
      class="mostVisitedPlacesSection"
    >
      <div
        class="title"
      >
        <h3>
          Most Visited Places
        </h3>
      </div>
      <div
        class="container"
      >
        <a
          class="containerItem"
          href="/place/winter/002-lakeTahoe"
        >
          <img
            alt="Lake Tahoe"
            class="image"
            src="Lake-Tahoe.jpg"
          />
          <p
            class="placeName"
          >
            Lake Tahoe
          </p>
        </a>
        <a
          class="containerItem"
          href="/place/hiking/001-yosemite"
        >
          <img
            alt="Yosemite"
            class="image"
            src="Yosemite.jpg"
          />
          <p
            class="placeName"
          >
            Yosemite
          </p>
        </a>
        <a
          class="containerItem"
          href="/place/spring/003-washingtonDC"
        >
          <img
            alt="Washington DC"
            class="image"
            src="Washington-DC.jpg"
          />
          <p
            class="placeName"
          >
            Washington DC
          </p>
        </a>
      </div>
    </div>
  </main>
</div>
`;
